Testing command execution
